OK    rl-2017-1572               html     52977 B  http://publications.europa.eu/resource/cellar/743ec719-9aa2-11e7-b92d-01aa75ed71a1.0004.03/DOC_1
OK    dvo-2017-1569              html     89477 B  http://publications.europa.eu/resource/cellar/47aeee9c-9aa4-11e7-b92d-01aa75ed71a1.0004.03/DOC_1
OK    t3-smf                     pdf      32994 B  https://health.ec.europa.eu/document/download/95af86f8-c82d-4ad0-85cb-27c7f56531b4_en?filename=2011_site_master_file_en.pdf
OK    t3-q9                      pdf     455588 B  https://health.ec.europa.eu/document/download/d77ad692-97ae-4a5f-acfa-e853193ef6aa_en?filename=mp_ich_q9guideline-ra_en.pdf
OK    t3-q10                     pdf     370061 B  https://www.ema.europa.eu/en/documents/scientific-guideline/international-conference-harmonisation-technical-requirements-registration-pharmaceuticals-human-guideline-q10-pharmaceutical-quality-system-step-5_en.pdf
OK    t3-mra                     pdf     102716 B  https://health.ec.europa.eu/document/download/19052fee-a596-47a1-b564-052128360d82_en?filename=mra_batch-certificate_05-2011.pdf
OK    t3-written-confirmation    pdf     498487 B  https://health.ec.europa.eu/document/download/ab1d8ff2-fdc9-49ab-a3aa-73f80471f92b_en?filename=2013_01_28_template.pdf
OK    t3-hbel                    pdf     173188 B  https://www.ema.europa.eu/en/documents/scientific-guideline/guideline-setting-health-based-exposure-limits-use-risk-identification-manufacture-different-medicinal-products-shared-facilities_en.pdf
OK    t3-hilfsstoffe             html     41284 B  http://publications.europa.eu/resource/cellar/8152de33-cf5c-11e4-9a66-01aa75ed71a1.0004.03/DOC_1
OK    t3-imp-template            docx     29618 B  https://health.ec.europa.eu/document/download/3b293ba6-c7f9-4a63-8121-303a18c30120_en?filename=template_imp_batch_certification.docx
OK    t3-imp-shipping            pdf     165189 B  https://health.ec.europa.eu/document/download/6e8ae778-73d0-4a1e-a374-a06e791152a7_en?filename=guideline_handling-shipping_investigational-mp_en.pdf
OK    t3-mah                     pdf     481139 B  https://health.ec.europa.eu/document/download/c3bac13b-689e-4d01-8321-dbf088bb692a_en?filename=gmp_mah_rp_en.pdf
OK    anhang-1                   pdf     618982 B  https://health.ec.europa.eu/document/download/e05af55b-38e9-42bf-8495-194bbf0b9262_en?filename=20220825_gmp-an1_en_0.pdf
OK    anhang-2                   pdf     486867 B  https://health.ec.europa.eu/document/download/380fdf24-8a1e-4f65-809b-e08d990d5f9e_en?filename=2018_annex2_en.pdf
OK    anhang-13-2017             pdf     182328 B  https://health.ec.europa.eu/document/download/a0b206a0-5788-406b-9e20-e0525b16e712_en?filename=guideline_adopted_1_en_act_part1_v3.pdf
OK    anhang-17                  pdf     323374 B  https://health.ec.europa.eu/document/download/78d31fc9-760f-4fe9-9ccd-95595ef48a71_en?filename=2018_annex17_en.pdf
OK    anhang-19-2026             pdf     149752 B  https://health.ec.europa.eu/document/download/831d392e-bcc4-4552-8011-2b724b8655de_en?filename=c2026-4135_en_act_en.pdf
OK    anhang-21                  pdf     462156 B  https://ec.europa.eu/health/document/download/e2ddfe65-7b4e-4765-b71b-4681772d2949_en
OK    glossar                    pdf      27620 B  https://health.ec.europa.eu/document/download/e99884fd-2b52-470b-9453-10346ddb6cbd_en?filename=glos4en200408_en.pdf
OK    vo-2019-6                  html   1301004 B  http://publications.europa.eu/resource/cellar/aefe9285-120b-11e9-81b4-01aa75ed71a1.0004.03/DOC_1
OK    dvo-2025-2091              html   1503939 B  http://publications.europa.eu/resource/cellar/6266c6d3-b2db-11f0-b37f-01aa75ed71a1.0004.03/DOC_1
OK    dvo-2025-2154              html    381265 B  http://publications.europa.eu/resource/cellar/2b5427cb-b2dc-11f0-b37f-01aa75ed71a1.0004.03/DOC_1
OK    korr-2025-2091             pdf     289730 B  https://health.ec.europa.eu/document/download/c44db4fb-5706-4807-a038-672bb74f3478_en?filename=mp_gmp_vetmedproducts_correspondence_en.pdf
OK    korr-2025-2154             pdf     168064 B  https://health.ec.europa.eu/document/download/2b77b613-456b-43e7-a63c-123720cf75a5_en?filename=mp_gmp_active-substances_vetmedproducts_correspondence_en.pdf
OK    gdp-human                  html    105843 B  http://publications.europa.eu/resource/cellar/b9c5c838-5415-11e3-8945-01aa75ed71a1.0004.03/DOC_1
OK    gdp-wirkstoffe             html     79337 B  http://publications.europa.eu/resource/cellar/59360211-cf5c-11e4-9a66-01aa75ed71a1.0004.03/DOC_1
